
==========================================================================
finish report_tns
--------------------------------------------------------------------------
tns max -32.91

==========================================================================
finish report_wns
--------------------------------------------------------------------------
wns max -3.12

==========================================================================
finish report_worst_slack
--------------------------------------------------------------------------
worst slack max -3.12

==========================================================================
finish report_clock_min_period
--------------------------------------------------------------------------
clk period_min = 7.62 fmax = 131.20

==========================================================================
finish report_clock_skew
--------------------------------------------------------------------------
Clock clk
   0.28 source latency x3_scaled_s1[9]$_SDFFE_PP0P_/CLK ^
  -0.29 target latency exp_out[1]$_SDFFE_PP0P_/CLK ^
   0.00 CRPR
--------------
  -0.01 setup skew


==========================================================================
finish report_checks -path_delay min
--------------------------------------------------------------------------
Startpoint: stage1_valid$_SDFF_PP0_
            (rising edge-triggered flip-flop clocked by clk)
Endpoint: stage2_valid$_SDFF_PP0_
          (rising edge-triggered flip-flop clocked by clk)
Path Group: clk
Path Type: min

Fanout     Cap    Slew   Delay    Time   Description
-----------------------------------------------------------------------------
                          0.00    0.00   clock clk (rise edge)
                          0.00    0.00   clock source latency
     1    0.02    0.00    0.00    0.00 ^ clk (in)
                                         clk (net)
                  0.00    0.00    0.00 ^ clkbuf_0_clk/A (sky130_fd_sc_hd__clkbuf_16)
     4    0.05    0.07    0.13    0.13 ^ clkbuf_0_clk/X (sky130_fd_sc_hd__clkbuf_16)
                                         clknet_0_clk (net)
                  0.07    0.00    0.13 ^ clkbuf_2_2__f_clk/A (sky130_fd_sc_hd__clkbuf_16)
     8    0.03    0.05    0.14    0.28 ^ clkbuf_2_2__f_clk/X (sky130_fd_sc_hd__clkbuf_16)
                                         clknet_2_2__leaf_clk (net)
                  0.05    0.00    0.28 ^ stage1_valid$_SDFF_PP0_/CLK (sky130_fd_sc_hd__dfxtp_1)
     1    0.00    0.04    0.30    0.58 ^ stage1_valid$_SDFF_PP0_/Q (sky130_fd_sc_hd__dfxtp_1)
                                         stage1_valid (net)
                  0.04    0.00    0.58 ^ _1795_/B_N (sky130_fd_sc_hd__nor2b_1)
     1    0.00    0.07    0.11    0.68 ^ _1795_/Y (sky130_fd_sc_hd__nor2b_1)
                                         _0555_ (net)
                  0.07    0.00    0.68 ^ stage2_valid$_SDFF_PP0_/D (sky130_fd_sc_hd__dfxtp_1)
                                  0.68   data arrival time

                          0.00    0.00   clock clk (rise edge)
                          0.00    0.00   clock source latency
     1    0.02    0.00    0.00    0.00 ^ clk (in)
                                         clk (net)
                  0.00    0.00    0.00 ^ clkbuf_0_clk/A (sky130_fd_sc_hd__clkbuf_16)
     4    0.05    0.07    0.13    0.13 ^ clkbuf_0_clk/X (sky130_fd_sc_hd__clkbuf_16)
                                         clknet_0_clk (net)
                  0.07    0.00    0.13 ^ clkbuf_2_2__f_clk/A (sky130_fd_sc_hd__clkbuf_16)
     8    0.03    0.05    0.14    0.28 ^ clkbuf_2_2__f_clk/X (sky130_fd_sc_hd__clkbuf_16)
                                         clknet_2_2__leaf_clk (net)
                  0.05    0.00    0.28 ^ stage2_valid$_SDFF_PP0_/CLK (sky130_fd_sc_hd__dfxtp_1)
                          0.00    0.28   clock reconvergence pessimism
                         -0.04    0.24   library hold time
                                  0.24   data required time
-----------------------------------------------------------------------------
                                  0.24   data required time
                                 -0.68   data arrival time
-----------------------------------------------------------------------------
                                  0.44   slack (MET)



==========================================================================
finish report_checks -path_delay max
--------------------------------------------------------------------------
Startpoint: x_in[1] (input port clocked by clk)
Endpoint: x3_scaled_s1[8]$_SDFFE_PP0P_
          (rising edge-triggered flip-flop clocked by clk)
Path Group: clk
Path Type: max

Fanout     Cap    Slew   Delay    Time   Description
-----------------------------------------------------------------------------
                          0.00    0.00   clock clk (rise edge)
                          0.00    0.00   clock network delay (propagated)
                          0.50    0.50 v input external delay
     1    0.01    0.00    0.00    0.50 v x_in[1] (in)
                                         x_in[1] (net)
                  0.00    0.00    0.50 v input9/A (sky130_fd_sc_hd__buf_12)
     5    0.02    0.03    0.10    0.60 v input9/X (sky130_fd_sc_hd__buf_12)
                                         net8 (net)
                  0.03    0.00    0.60 v _1472_/B (sky130_fd_sc_hd__and2_4)
     2    0.01    0.04    0.15    0.76 v _1472_/X (sky130_fd_sc_hd__and2_4)
                                         _0011_ (net)
                  0.04    0.00    0.76 v _1823_/A (sky130_fd_sc_hd__fa_1)
     1    0.00    0.07    0.54    1.30 ^ _1823_/SUM (sky130_fd_sc_hd__fa_1)
                                         _0923_ (net)
                  0.07    0.00    1.30 ^ _1826_/CIN (sky130_fd_sc_hd__fa_1)
     1    0.01    0.09    0.42    1.72 v _1826_/SUM (sky130_fd_sc_hd__fa_1)
                                         _0928_ (net)
                  0.09    0.00    1.72 v _1828_/CIN (sky130_fd_sc_hd__fa_1)
     1    0.01    0.09    0.46    2.18 v _1828_/SUM (sky130_fd_sc_hd__fa_1)
                                         _0934_ (net)
                  0.09    0.00    2.19 v _1831_/B (sky130_fd_sc_hd__fa_1)
     1    0.01    0.10    0.56    2.74 ^ _1831_/SUM (sky130_fd_sc_hd__fa_1)
                                         _0937_ (net)
                  0.10    0.00    2.74 ^ _1940_/B (sky130_fd_sc_hd__ha_4)
     2    0.01    0.04    0.21    2.95 v _1940_/SUM (sky130_fd_sc_hd__ha_4)
                                         _0359_ (net)
                  0.04    0.00    2.95 v _1129_/A1 (sky130_fd_sc_hd__o21a_1)
     2    0.01    0.06    0.21    3.16 v _1129_/X (sky130_fd_sc_hd__o21a_1)
                                         _0740_ (net)
                  0.06    0.00    3.16 v _1130_/A1 (sky130_fd_sc_hd__o21ai_2)
     2    0.01    0.13    0.17    3.33 ^ _1130_/Y (sky130_fd_sc_hd__o21ai_2)
                                         _0741_ (net)
                  0.13    0.00    3.33 ^ _1131_/B1 (sky130_fd_sc_hd__a21oi_2)
     2    0.01    0.08    0.05    3.38 v _1131_/Y (sky130_fd_sc_hd__a21oi_2)
                                         _0742_ (net)
                  0.08    0.00    3.38 v _1133_/A3 (sky130_fd_sc_hd__o311a_1)
     2    0.01    0.08    0.33    3.71 v _1133_/X (sky130_fd_sc_hd__o311a_1)
                                         _0744_ (net)
                  0.08    0.00    3.71 v rebuffer424/A (sky130_fd_sc_hd__buf_4)
     1    0.01    0.03    0.15    3.86 v rebuffer424/X (sky130_fd_sc_hd__buf_4)
                                         net423 (net)
                  0.03    0.00    3.86 v _1155_/A (sky130_fd_sc_hd__nor2_4)
     2    0.02    0.12    0.13    3.99 ^ _1155_/Y (sky130_fd_sc_hd__nor2_4)
                                         _0760_ (net)
                  0.12    0.00    3.99 ^ place238/A (sky130_fd_sc_hd__buf_6)
     1    0.01    0.03    0.11    4.11 ^ place238/X (sky130_fd_sc_hd__buf_6)
                                         net237 (net)
                  0.03    0.00    4.11 ^ _1156_/B (sky130_fd_sc_hd__xor2_2)
     2    0.01    0.16    0.17    4.27 ^ _1156_/X (sky130_fd_sc_hd__xor2_2)
                                         _0761_ (net)
                  0.16    0.00    4.27 ^ _1157_/B (sky130_fd_sc_hd__nor2_2)
     1    0.01    0.04    0.06    4.33 v _1157_/Y (sky130_fd_sc_hd__nor2_2)
                                         _0077_ (net)
                  0.04    0.00    4.33 v _1845_/A (sky130_fd_sc_hd__fa_1)
     1    0.00    0.06    0.53    4.86 ^ _1845_/SUM (sky130_fd_sc_hd__fa_1)
                                         _0081_ (net)
                  0.06    0.00    4.86 ^ _1381_/A (sky130_fd_sc_hd__inv_1)
     1    0.01    0.03    0.05    4.91 v _1381_/Y (sky130_fd_sc_hd__inv_1)
                                         _0085_ (net)
                  0.03    0.00    4.91 v _1847_/CIN (sky130_fd_sc_hd__fa_1)
     1    0.00    0.06    0.47    5.38 ^ _1847_/SUM (sky130_fd_sc_hd__fa_1)
                                         _0086_ (net)
                  0.06    0.00    5.38 ^ _1561_/A (sky130_fd_sc_hd__inv_1)
     1    0.01    0.03    0.05    5.43 v _1561_/Y (sky130_fd_sc_hd__inv_1)
                                         _0094_ (net)
                  0.03    0.00    5.43 v _1850_/CIN (sky130_fd_sc_hd__fa_1)
     1    0.01    0.10    0.51    5.94 ^ _1850_/SUM (sky130_fd_sc_hd__fa_1)
                                         _0958_ (net)
                  0.10    0.00    5.94 ^ _1855_/CIN (sky130_fd_sc_hd__fa_1)
     1    0.01    0.11    0.46    6.40 v _1855_/SUM (sky130_fd_sc_hd__fa_1)
                                         _0964_ (net)
                  0.11    0.00    6.40 v _1961_/B (sky130_fd_sc_hd__ha_4)
     2    0.01    0.04    0.29    6.69 ^ _1961_/SUM (sky130_fd_sc_hd__ha_4)
                                         _0404_ (net)
                  0.04    0.00    6.69 ^ rebuffer423/A (sky130_fd_sc_hd__buf_6)
     2    0.01    0.03    0.08    6.78 ^ rebuffer423/X (sky130_fd_sc_hd__buf_6)
                                         net422 (net)
                  0.03    0.00    6.78 ^ _1682_/A (sky130_fd_sc_hd__nand4_1)
     1    0.01    0.13    0.12    6.89 v _1682_/Y (sky130_fd_sc_hd__nand4_1)
                                         _0633_ (net)
                  0.13    0.00    6.89 v _1686_/A1 (sky130_fd_sc_hd__o31ai_4)
     3    0.01    0.24    0.32    7.22 ^ _1686_/Y (sky130_fd_sc_hd__o31ai_4)
                                         _0637_ (net)
                  0.24    0.00    7.22 ^ _1691_/A1 (sky130_fd_sc_hd__a211oi_2)
     2    0.01    0.08    0.11    7.33 v _1691_/Y (sky130_fd_sc_hd__a211oi_2)
                                         _0642_ (net)
                  0.08    0.00    7.33 v rebuffer416/A (sky130_fd_sc_hd__buf_4)
     1    0.01    0.03    0.15    7.48 v rebuffer416/X (sky130_fd_sc_hd__buf_4)
                                         net415 (net)
                  0.03    0.00    7.48 v _1692_/B (sky130_fd_sc_hd__xnor2_2)
     1    0.01    0.06    0.13    7.61 v _1692_/Y (sky130_fd_sc_hd__xnor2_2)
                                         _0643_ (net)
                  0.06    0.00    7.61 v _1693_/A1 (sky130_fd_sc_hd__mux2i_1)
     1    0.00    0.12    0.13    7.74 ^ _1693_/Y (sky130_fd_sc_hd__mux2i_1)
                                         _0644_ (net)
                  0.12    0.00    7.74 ^ _1694_/B (sky130_fd_sc_hd__nor2_1)
     1    0.00    0.08    0.05    7.79 v _1694_/Y (sky130_fd_sc_hd__nor2_1)
                                         _0526_ (net)
                  0.08    0.00    7.79 v x3_scaled_s1[8]$_SDFFE_PP0P_/D (sky130_fd_sc_hd__dfxtp_1)
                                  7.79   data arrival time

                          4.50    4.50   clock clk (rise edge)
                          0.00    4.50   clock source latency
     1    0.02    0.00    0.00    4.50 ^ clk (in)
                                         clk (net)
                  0.00    0.00    4.50 ^ clkbuf_0_clk/A (sky130_fd_sc_hd__clkbuf_16)
     4    0.05    0.07    0.13    4.63 ^ clkbuf_0_clk/X (sky130_fd_sc_hd__clkbuf_16)
                                         clknet_0_clk (net)
                  0.07    0.00    4.63 ^ clkbuf_2_3__f_clk/A (sky130_fd_sc_hd__clkbuf_16)
    10    0.04    0.06    0.15    4.78 ^ clkbuf_2_3__f_clk/X (sky130_fd_sc_hd__clkbuf_16)
                                         clknet_2_3__leaf_clk (net)
                  0.06    0.00    4.79 ^ x3_scaled_s1[8]$_SDFFE_PP0P_/CLK (sky130_fd_sc_hd__dfxtp_1)
                          0.00    4.79   clock reconvergence pessimism
                         -0.12    4.66   library setup time
                                  4.66   data required time
-----------------------------------------------------------------------------
                                  4.66   data required time
                                 -7.79   data arrival time
-----------------------------------------------------------------------------
                                 -3.12   slack (VIOLATED)



==========================================================================
finish report_checks -unconstrained
--------------------------------------------------------------------------
Startpoint: x_in[1] (input port clocked by clk)
Endpoint: x3_scaled_s1[8]$_SDFFE_PP0P_
          (rising edge-triggered flip-flop clocked by clk)
Path Group: clk
Path Type: max

Fanout     Cap    Slew   Delay    Time   Description
-----------------------------------------------------------------------------
                          0.00    0.00   clock clk (rise edge)
                          0.00    0.00   clock network delay (propagated)
                          0.50    0.50 v input external delay
     1    0.01    0.00    0.00    0.50 v x_in[1] (in)
                                         x_in[1] (net)
                  0.00    0.00    0.50 v input9/A (sky130_fd_sc_hd__buf_12)
     5    0.02    0.03    0.10    0.60 v input9/X (sky130_fd_sc_hd__buf_12)
                                         net8 (net)
                  0.03    0.00    0.60 v _1472_/B (sky130_fd_sc_hd__and2_4)
     2    0.01    0.04    0.15    0.76 v _1472_/X (sky130_fd_sc_hd__and2_4)
                                         _0011_ (net)
                  0.04    0.00    0.76 v _1823_/A (sky130_fd_sc_hd__fa_1)
     1    0.00    0.07    0.54    1.30 ^ _1823_/SUM (sky130_fd_sc_hd__fa_1)
                                         _0923_ (net)
                  0.07    0.00    1.30 ^ _1826_/CIN (sky130_fd_sc_hd__fa_1)
     1    0.01    0.09    0.42    1.72 v _1826_/SUM (sky130_fd_sc_hd__fa_1)
                                         _0928_ (net)
                  0.09    0.00    1.72 v _1828_/CIN (sky130_fd_sc_hd__fa_1)
     1    0.01    0.09    0.46    2.18 v _1828_/SUM (sky130_fd_sc_hd__fa_1)
                                         _0934_ (net)
                  0.09    0.00    2.19 v _1831_/B (sky130_fd_sc_hd__fa_1)
     1    0.01    0.10    0.56    2.74 ^ _1831_/SUM (sky130_fd_sc_hd__fa_1)
                                         _0937_ (net)
                  0.10    0.00    2.74 ^ _1940_/B (sky130_fd_sc_hd__ha_4)
     2    0.01    0.04    0.21    2.95 v _1940_/SUM (sky130_fd_sc_hd__ha_4)
                                         _0359_ (net)
                  0.04    0.00    2.95 v _1129_/A1 (sky130_fd_sc_hd__o21a_1)
     2    0.01    0.06    0.21    3.16 v _1129_/X (sky130_fd_sc_hd__o21a_1)
                                         _0740_ (net)
                  0.06    0.00    3.16 v _1130_/A1 (sky130_fd_sc_hd__o21ai_2)
     2    0.01    0.13    0.17    3.33 ^ _1130_/Y (sky130_fd_sc_hd__o21ai_2)
                                         _0741_ (net)
                  0.13    0.00    3.33 ^ _1131_/B1 (sky130_fd_sc_hd__a21oi_2)
     2    0.01    0.08    0.05    3.38 v _1131_/Y (sky130_fd_sc_hd__a21oi_2)
                                         _0742_ (net)
                  0.08    0.00    3.38 v _1133_/A3 (sky130_fd_sc_hd__o311a_1)
     2    0.01    0.08    0.33    3.71 v _1133_/X (sky130_fd_sc_hd__o311a_1)
                                         _0744_ (net)
                  0.08    0.00    3.71 v rebuffer424/A (sky130_fd_sc_hd__buf_4)
     1    0.01    0.03    0.15    3.86 v rebuffer424/X (sky130_fd_sc_hd__buf_4)
                                         net423 (net)
                  0.03    0.00    3.86 v _1155_/A (sky130_fd_sc_hd__nor2_4)
     2    0.02    0.12    0.13    3.99 ^ _1155_/Y (sky130_fd_sc_hd__nor2_4)
                                         _0760_ (net)
                  0.12    0.00    3.99 ^ place238/A (sky130_fd_sc_hd__buf_6)
     1    0.01    0.03    0.11    4.11 ^ place238/X (sky130_fd_sc_hd__buf_6)
                                         net237 (net)
                  0.03    0.00    4.11 ^ _1156_/B (sky130_fd_sc_hd__xor2_2)
     2    0.01    0.16    0.17    4.27 ^ _1156_/X (sky130_fd_sc_hd__xor2_2)
                                         _0761_ (net)
                  0.16    0.00    4.27 ^ _1157_/B (sky130_fd_sc_hd__nor2_2)
     1    0.01    0.04    0.06    4.33 v _1157_/Y (sky130_fd_sc_hd__nor2_2)
                                         _0077_ (net)
                  0.04    0.00    4.33 v _1845_/A (sky130_fd_sc_hd__fa_1)
     1    0.00    0.06    0.53    4.86 ^ _1845_/SUM (sky130_fd_sc_hd__fa_1)
                                         _0081_ (net)
                  0.06    0.00    4.86 ^ _1381_/A (sky130_fd_sc_hd__inv_1)
     1    0.01    0.03    0.05    4.91 v _1381_/Y (sky130_fd_sc_hd__inv_1)
                                         _0085_ (net)
                  0.03    0.00    4.91 v _1847_/CIN (sky130_fd_sc_hd__fa_1)
     1    0.00    0.06    0.47    5.38 ^ _1847_/SUM (sky130_fd_sc_hd__fa_1)
                                         _0086_ (net)
                  0.06    0.00    5.38 ^ _1561_/A (sky130_fd_sc_hd__inv_1)
     1    0.01    0.03    0.05    5.43 v _1561_/Y (sky130_fd_sc_hd__inv_1)
                                         _0094_ (net)
                  0.03    0.00    5.43 v _1850_/CIN (sky130_fd_sc_hd__fa_1)
     1    0.01    0.10    0.51    5.94 ^ _1850_/SUM (sky130_fd_sc_hd__fa_1)
                                         _0958_ (net)
                  0.10    0.00    5.94 ^ _1855_/CIN (sky130_fd_sc_hd__fa_1)
     1    0.01    0.11    0.46    6.40 v _1855_/SUM (sky130_fd_sc_hd__fa_1)
                                         _0964_ (net)
                  0.11    0.00    6.40 v _1961_/B (sky130_fd_sc_hd__ha_4)
     2    0.01    0.04    0.29    6.69 ^ _1961_/SUM (sky130_fd_sc_hd__ha_4)
                                         _0404_ (net)
                  0.04    0.00    6.69 ^ rebuffer423/A (sky130_fd_sc_hd__buf_6)
     2    0.01    0.03    0.08    6.78 ^ rebuffer423/X (sky130_fd_sc_hd__buf_6)
                                         net422 (net)
                  0.03    0.00    6.78 ^ _1682_/A (sky130_fd_sc_hd__nand4_1)
     1    0.01    0.13    0.12    6.89 v _1682_/Y (sky130_fd_sc_hd__nand4_1)
                                         _0633_ (net)
                  0.13    0.00    6.89 v _1686_/A1 (sky130_fd_sc_hd__o31ai_4)
     3    0.01    0.24    0.32    7.22 ^ _1686_/Y (sky130_fd_sc_hd__o31ai_4)
                                         _0637_ (net)
                  0.24    0.00    7.22 ^ _1691_/A1 (sky130_fd_sc_hd__a211oi_2)
     2    0.01    0.08    0.11    7.33 v _1691_/Y (sky130_fd_sc_hd__a211oi_2)
                                         _0642_ (net)
                  0.08    0.00    7.33 v rebuffer416/A (sky130_fd_sc_hd__buf_4)
     1    0.01    0.03    0.15    7.48 v rebuffer416/X (sky130_fd_sc_hd__buf_4)
                                         net415 (net)
                  0.03    0.00    7.48 v _1692_/B (sky130_fd_sc_hd__xnor2_2)
     1    0.01    0.06    0.13    7.61 v _1692_/Y (sky130_fd_sc_hd__xnor2_2)
                                         _0643_ (net)
                  0.06    0.00    7.61 v _1693_/A1 (sky130_fd_sc_hd__mux2i_1)
     1    0.00    0.12    0.13    7.74 ^ _1693_/Y (sky130_fd_sc_hd__mux2i_1)
                                         _0644_ (net)
                  0.12    0.00    7.74 ^ _1694_/B (sky130_fd_sc_hd__nor2_1)
     1    0.00    0.08    0.05    7.79 v _1694_/Y (sky130_fd_sc_hd__nor2_1)
                                         _0526_ (net)
                  0.08    0.00    7.79 v x3_scaled_s1[8]$_SDFFE_PP0P_/D (sky130_fd_sc_hd__dfxtp_1)
                                  7.79   data arrival time

                          4.50    4.50   clock clk (rise edge)
                          0.00    4.50   clock source latency
     1    0.02    0.00    0.00    4.50 ^ clk (in)
                                         clk (net)
                  0.00    0.00    4.50 ^ clkbuf_0_clk/A (sky130_fd_sc_hd__clkbuf_16)
     4    0.05    0.07    0.13    4.63 ^ clkbuf_0_clk/X (sky130_fd_sc_hd__clkbuf_16)
                                         clknet_0_clk (net)
                  0.07    0.00    4.63 ^ clkbuf_2_3__f_clk/A (sky130_fd_sc_hd__clkbuf_16)
    10    0.04    0.06    0.15    4.78 ^ clkbuf_2_3__f_clk/X (sky130_fd_sc_hd__clkbuf_16)
                                         clknet_2_3__leaf_clk (net)
                  0.06    0.00    4.79 ^ x3_scaled_s1[8]$_SDFFE_PP0P_/CLK (sky130_fd_sc_hd__dfxtp_1)
                          0.00    4.79   clock reconvergence pessimism
                         -0.12    4.66   library setup time
                                  4.66   data required time
-----------------------------------------------------------------------------
                                  4.66   data required time
                                 -7.79   data arrival time
-----------------------------------------------------------------------------
                                 -3.12   slack (VIOLATED)



==========================================================================
finish report_check_types -max_slew -max_cap -max_fanout -violators
--------------------------------------------------------------------------

==========================================================================
finish max_slew_check_slack
--------------------------------------------------------------------------
0.8005232214927673

==========================================================================
finish max_slew_check_limit
--------------------------------------------------------------------------
1.4979510307312012

==========================================================================
finish max_slew_check_slack_limit
--------------------------------------------------------------------------
0.5344

==========================================================================
finish max_fanout_check_slack
--------------------------------------------------------------------------
1.0000000150474662e+30

==========================================================================
finish max_fanout_check_limit
--------------------------------------------------------------------------
1.0000000150474662e+30

==========================================================================
finish max_capacitance_check_slack
--------------------------------------------------------------------------
0.040476083755493164

==========================================================================
finish max_capacitance_check_limit
--------------------------------------------------------------------------
0.052195001393556595

==========================================================================
finish max_capacitance_check_slack_limit
--------------------------------------------------------------------------
0.7755

==========================================================================
finish max_slew_violation_count
--------------------------------------------------------------------------
max slew violation count 0

==========================================================================
finish max_fanout_violation_count
--------------------------------------------------------------------------
max fanout violation count 0

==========================================================================
finish max_cap_violation_count
--------------------------------------------------------------------------
max cap violation count 0

==========================================================================
finish setup_violation_count
--------------------------------------------------------------------------
setup violation count 20

==========================================================================
finish hold_violation_count
--------------------------------------------------------------------------
hold violation count 0

==========================================================================
finish report_checks -path_delay max reg to reg
--------------------------------------------------------------------------
Startpoint: x3_scaled_s1[0]$_SDFFE_PP0P_
            (rising edge-triggered flip-flop clocked by clk)
Endpoint: exp_out[10]$_SDFFE_PP0P_
          (rising edge-triggered flip-flop clocked by clk)
Path Group: clk
Path Type: max

  Delay    Time   Description
---------------------------------------------------------
   0.00    0.00   clock clk (rise edge)
   0.00    0.00   clock source latency
   0.00    0.00 ^ clk (in)
   0.13    0.13 ^ clkbuf_0_clk/X (sky130_fd_sc_hd__clkbuf_16)
   0.15    0.28 ^ clkbuf_2_3__f_clk/X (sky130_fd_sc_hd__clkbuf_16)
   0.00    0.29 ^ x3_scaled_s1[0]$_SDFFE_PP0P_/CLK (sky130_fd_sc_hd__dfxtp_2)
   0.32    0.61 v x3_scaled_s1[0]$_SDFFE_PP0P_/Q (sky130_fd_sc_hd__dfxtp_2)
   0.07    0.68 ^ _1375_/Y (sky130_fd_sc_hd__inv_2)
   0.15    0.82 ^ _2012_/COUT (sky130_fd_sc_hd__ha_4)
   0.26    1.08 v _1200_/X (sky130_fd_sc_hd__and2b_2)
   0.23    1.32 v _1201_/X (sky130_fd_sc_hd__a21o_1)
   0.26    1.58 ^ _1206_/Y (sky130_fd_sc_hd__o211ai_1)
   0.27    1.85 ^ _1224_/X (sky130_fd_sc_hd__a32o_2)
   0.08    1.93 v _1262_/Y (sky130_fd_sc_hd__a21oi_4)
   0.16    2.10 v place292/X (sky130_fd_sc_hd__buf_4)
   0.16    2.25 ^ _1542_/Y (sky130_fd_sc_hd__o21ai_1)
   0.10    2.35 v _1543_/Y (sky130_fd_sc_hd__a21oi_1)
   0.17    2.52 ^ _1544_/Y (sky130_fd_sc_hd__o21ai_1)
   0.09    2.61 v _1545_/Y (sky130_fd_sc_hd__o31ai_2)
   0.16    2.77 v place264/X (sky130_fd_sc_hd__buf_4)
   0.58    3.35 ^ _1925_/SUM (sky130_fd_sc_hd__fa_2)
   0.20    3.55 v _2029_/SUM (sky130_fd_sc_hd__ha_4)
   0.16    3.71 v _2033_/COUT (sky130_fd_sc_hd__ha_4)
   0.36    4.07 v _1927_/COUT (sky130_fd_sc_hd__fa_2)
   0.15    4.22 ^ _1741_/Y (sky130_fd_sc_hd__a21oi_2)
   0.11    4.33 v _1742_/Y (sky130_fd_sc_hd__o21bai_1)
   0.16    4.49 ^ _1743_/Y (sky130_fd_sc_hd__a21oi_1)
   0.07    4.56 v _1744_/Y (sky130_fd_sc_hd__nor2_1)
   0.14    4.70 ^ _1745_/Y (sky130_fd_sc_hd__nor2_2)
   0.06    4.76 v _1746_/Y (sky130_fd_sc_hd__nor2b_1)
   0.12    4.88 ^ _1747_/Y (sky130_fd_sc_hd__o21ai_1)
   0.10    4.98 v _1749_/Y (sky130_fd_sc_hd__a311oi_1)
   0.00    4.98 v exp_out[10]$_SDFFE_PP0P_/D (sky130_fd_sc_hd__dfxtp_1)
           4.98   data arrival time

   4.50    4.50   clock clk (rise edge)
   0.00    4.50   clock source latency
   0.00    4.50 ^ clk (in)
   0.13    4.63 ^ clkbuf_0_clk/X (sky130_fd_sc_hd__clkbuf_16)
   0.15    4.78 ^ clkbuf_2_2__f_clk/X (sky130_fd_sc_hd__clkbuf_16)
   0.00    4.78 ^ exp_out[10]$_SDFFE_PP0P_/CLK (sky130_fd_sc_hd__dfxtp_1)
   0.00    4.78   clock reconvergence pessimism
  -0.15    4.62   library setup time
           4.62   data required time
---------------------------------------------------------
           4.62   data required time
          -4.98   data arrival time
---------------------------------------------------------
          -0.36   slack (VIOLATED)



==========================================================================
finish report_checks -path_delay min reg to reg
--------------------------------------------------------------------------
Startpoint: stage1_valid$_SDFF_PP0_
            (rising edge-triggered flip-flop clocked by clk)
Endpoint: stage2_valid$_SDFF_PP0_
          (rising edge-triggered flip-flop clocked by clk)
Path Group: clk
Path Type: min

  Delay    Time   Description
---------------------------------------------------------
   0.00    0.00   clock clk (rise edge)
   0.00    0.00   clock source latency
   0.00    0.00 ^ clk (in)
   0.13    0.13 ^ clkbuf_0_clk/X (sky130_fd_sc_hd__clkbuf_16)
   0.15    0.28 ^ clkbuf_2_2__f_clk/X (sky130_fd_sc_hd__clkbuf_16)
   0.00    0.28 ^ stage1_valid$_SDFF_PP0_/CLK (sky130_fd_sc_hd__dfxtp_1)
   0.30    0.58 ^ stage1_valid$_SDFF_PP0_/Q (sky130_fd_sc_hd__dfxtp_1)
   0.11    0.68 ^ _1795_/Y (sky130_fd_sc_hd__nor2b_1)
   0.00    0.68 ^ stage2_valid$_SDFF_PP0_/D (sky130_fd_sc_hd__dfxtp_1)
           0.68   data arrival time

   0.00    0.00   clock clk (rise edge)
   0.00    0.00   clock source latency
   0.00    0.00 ^ clk (in)
   0.13    0.13 ^ clkbuf_0_clk/X (sky130_fd_sc_hd__clkbuf_16)
   0.15    0.28 ^ clkbuf_2_2__f_clk/X (sky130_fd_sc_hd__clkbuf_16)
   0.00    0.28 ^ stage2_valid$_SDFF_PP0_/CLK (sky130_fd_sc_hd__dfxtp_1)
   0.00    0.28   clock reconvergence pessimism
  -0.04    0.24   library hold time
           0.24   data required time
---------------------------------------------------------
           0.24   data required time
          -0.68   data arrival time
---------------------------------------------------------
           0.44   slack (MET)



==========================================================================
finish critical path target clock latency max path
--------------------------------------------------------------------------
0.2853

==========================================================================
finish critical path target clock latency min path
--------------------------------------------------------------------------
0.2824

==========================================================================
finish critical path source clock latency min path
--------------------------------------------------------------------------
0.0000

==========================================================================
finish critical path delay
--------------------------------------------------------------------------
7.7852

==========================================================================
finish critical path slack
--------------------------------------------------------------------------
-3.1219

==========================================================================
finish slack div critical path delay
--------------------------------------------------------------------------
-40.100447

==========================================================================
finish report_power
--------------------------------------------------------------------------
Group                  Internal  Switching    Leakage      Total
                          Power      Power      Power      Power (Watts)
----------------------------------------------------------------
Sequential             4.66e-04   7.36e-05   3.30e-10   5.39e-04   2.5%
Combinational          1.13e-02   9.81e-03   5.35e-09   2.11e-02  95.9%
Clock                  2.01e-04   1.49e-04   6.57e-11   3.51e-04   1.6%
Macro                  0.00e+00   0.00e+00   0.00e+00   0.00e+00   0.0%
Pad                    0.00e+00   0.00e+00   0.00e+00   0.00e+00   0.0%
----------------------------------------------------------------
Total                  1.19e-02   1.00e-02   5.74e-09   2.20e-02 100.0%
                          54.3%      45.7%       0.0%
