
==========================================================================
global route report_tns
--------------------------------------------------------------------------
tns max -37.87

==========================================================================
global route report_wns
--------------------------------------------------------------------------
wns max -3.43

==========================================================================
global route report_worst_slack
--------------------------------------------------------------------------
worst slack max -3.43

==========================================================================
global route report_clock_min_period
--------------------------------------------------------------------------
clk period_min = 7.93 fmax = 126.15

==========================================================================
global route report_clock_skew
--------------------------------------------------------------------------
Clock clk
   0.29 source latency x3_scaled_s1[9]$_SDFFE_PP0P_/CLK ^
  -0.30 target latency exp_out[1]$_SDFFE_PP0P_/CLK ^
   0.00 CRPR
--------------
  -0.01 setup skew


==========================================================================
global route report_checks -path_delay min
--------------------------------------------------------------------------
Startpoint: stage1_valid$_SDFF_PP0_
            (rising edge-triggered flip-flop clocked by clk)
Endpoint: stage2_valid$_SDFF_PP0_
          (rising edge-triggered flip-flop clocked by clk)
Path Group: clk
Path Type: min

Fanout     Cap    Slew   Delay    Time   Description
-----------------------------------------------------------------------------
                          0.00    0.00   clock clk (rise edge)
                          0.00    0.00   clock source latency
     1    0.03    0.00    0.00    0.00 ^ clk (in)
                                         clk (net)
                  0.00    0.00    0.00 ^ clkbuf_0_clk/A (sky130_fd_sc_hd__clkbuf_16)
     4    0.05    0.07    0.14    0.14 ^ clkbuf_0_clk/X (sky130_fd_sc_hd__clkbuf_16)
                                         clknet_0_clk (net)
                  0.07    0.00    0.14 ^ clkbuf_2_2__f_clk/A (sky130_fd_sc_hd__clkbuf_16)
     8    0.04    0.06    0.15    0.29 ^ clkbuf_2_2__f_clk/X (sky130_fd_sc_hd__clkbuf_16)
                                         clknet_2_2__leaf_clk (net)
                  0.06    0.00    0.29 ^ stage1_valid$_SDFF_PP0_/CLK (sky130_fd_sc_hd__dfxtp_1)
     1    0.00    0.03    0.30    0.59 v stage1_valid$_SDFF_PP0_/Q (sky130_fd_sc_hd__dfxtp_1)
                                         stage1_valid (net)
                  0.03    0.00    0.59 v _1795_/B_N (sky130_fd_sc_hd__nor2b_1)
     1    0.00    0.04    0.12    0.71 v _1795_/Y (sky130_fd_sc_hd__nor2b_1)
                                         _0555_ (net)
                  0.04    0.00    0.71 v stage2_valid$_SDFF_PP0_/D (sky130_fd_sc_hd__dfxtp_1)
                                  0.71   data arrival time

                          0.00    0.00   clock clk (rise edge)
                          0.00    0.00   clock source latency
     1    0.03    0.00    0.00    0.00 ^ clk (in)
                                         clk (net)
                  0.00    0.00    0.00 ^ clkbuf_0_clk/A (sky130_fd_sc_hd__clkbuf_16)
     4    0.05    0.07    0.14    0.14 ^ clkbuf_0_clk/X (sky130_fd_sc_hd__clkbuf_16)
                                         clknet_0_clk (net)
                  0.07    0.00    0.14 ^ clkbuf_2_2__f_clk/A (sky130_fd_sc_hd__clkbuf_16)
     8    0.04    0.06    0.15    0.29 ^ clkbuf_2_2__f_clk/X (sky130_fd_sc_hd__clkbuf_16)
                                         clknet_2_2__leaf_clk (net)
                  0.06    0.00    0.29 ^ stage2_valid$_SDFF_PP0_/CLK (sky130_fd_sc_hd__dfxtp_1)
                          0.00    0.29   clock reconvergence pessimism
                         -0.05    0.24   library hold time
                                  0.24   data required time
-----------------------------------------------------------------------------
                                  0.24   data required time
                                 -0.71   data arrival time
-----------------------------------------------------------------------------
                                  0.47   slack (MET)



==========================================================================
global route report_checks -path_delay max
--------------------------------------------------------------------------
Startpoint: x_in[1] (input port clocked by clk)
Endpoint: x3_scaled_s1[8]$_SDFFE_PP0P_
          (rising edge-triggered flip-flop clocked by clk)
Path Group: clk
Path Type: max

Fanout     Cap    Slew   Delay    Time   Description
-----------------------------------------------------------------------------
                          0.00    0.00   clock clk (rise edge)
                          0.00    0.00   clock network delay (propagated)
                          0.50    0.50 v input external delay
     1    0.02    0.00    0.00    0.50 v x_in[1] (in)
                                         x_in[1] (net)
                  0.00    0.00    0.50 v input9/A (sky130_fd_sc_hd__buf_12)
     5    0.02    0.03    0.11    0.61 v input9/X (sky130_fd_sc_hd__buf_12)
                                         net8 (net)
                  0.03    0.00    0.61 v _1472_/B (sky130_fd_sc_hd__and2_4)
     2    0.01    0.04    0.16    0.77 v _1472_/X (sky130_fd_sc_hd__and2_4)
                                         _0011_ (net)
                  0.04    0.00    0.77 v _1823_/A (sky130_fd_sc_hd__fa_1)
     1    0.01    0.08    0.55    1.32 ^ _1823_/SUM (sky130_fd_sc_hd__fa_1)
                                         _0923_ (net)
                  0.08    0.00    1.32 ^ _1826_/CIN (sky130_fd_sc_hd__fa_1)
     1    0.01    0.10    0.44    1.76 v _1826_/SUM (sky130_fd_sc_hd__fa_1)
                                         _0928_ (net)
                  0.10    0.00    1.76 v _1828_/CIN (sky130_fd_sc_hd__fa_1)
     1    0.01    0.10    0.48    2.24 v _1828_/SUM (sky130_fd_sc_hd__fa_1)
                                         _0934_ (net)
                  0.10    0.00    2.24 v _1831_/B (sky130_fd_sc_hd__fa_1)
     1    0.01    0.11    0.57    2.80 ^ _1831_/SUM (sky130_fd_sc_hd__fa_1)
                                         _0937_ (net)
                  0.11    0.00    2.80 ^ _1940_/B (sky130_fd_sc_hd__ha_4)
     2    0.01    0.04    0.21    3.02 v _1940_/SUM (sky130_fd_sc_hd__ha_4)
                                         _0359_ (net)
                  0.04    0.00    3.02 v _1129_/A1 (sky130_fd_sc_hd__o21a_1)
     2    0.01    0.07    0.22    3.24 v _1129_/X (sky130_fd_sc_hd__o21a_1)
                                         _0740_ (net)
                  0.07    0.00    3.24 v _1130_/A1 (sky130_fd_sc_hd__o21ai_2)
     2    0.01    0.14    0.17    3.41 ^ _1130_/Y (sky130_fd_sc_hd__o21ai_2)
                                         _0741_ (net)
                  0.14    0.00    3.41 ^ _1131_/B1 (sky130_fd_sc_hd__a21oi_2)
     2    0.01    0.09    0.06    3.47 v _1131_/Y (sky130_fd_sc_hd__a21oi_2)
                                         _0742_ (net)
                  0.09    0.00    3.47 v _1133_/A3 (sky130_fd_sc_hd__o311a_1)
     2    0.01    0.09    0.34    3.82 v _1133_/X (sky130_fd_sc_hd__o311a_1)
                                         _0744_ (net)
                  0.09    0.00    3.82 v rebuffer424/A (sky130_fd_sc_hd__buf_4)
     1    0.01    0.03    0.16    3.97 v rebuffer424/X (sky130_fd_sc_hd__buf_4)
                                         net423 (net)
                  0.03    0.00    3.97 v _1155_/A (sky130_fd_sc_hd__nor2_4)
     2    0.02    0.13    0.14    4.11 ^ _1155_/Y (sky130_fd_sc_hd__nor2_4)
                                         _0760_ (net)
                  0.13    0.00    4.11 ^ place238/A (sky130_fd_sc_hd__buf_6)
     1    0.01    0.04    0.12    4.23 ^ place238/X (sky130_fd_sc_hd__buf_6)
                                         net237 (net)
                  0.04    0.00    4.23 ^ _1156_/B (sky130_fd_sc_hd__xor2_2)
     2    0.01    0.16    0.17    4.40 ^ _1156_/X (sky130_fd_sc_hd__xor2_2)
                                         _0761_ (net)
                  0.16    0.00    4.40 ^ _1157_/B (sky130_fd_sc_hd__nor2_2)
     1    0.01    0.05    0.06    4.46 v _1157_/Y (sky130_fd_sc_hd__nor2_2)
                                         _0077_ (net)
                  0.05    0.00    4.46 v _1845_/A (sky130_fd_sc_hd__fa_1)
     1    0.00    0.06    0.54    5.00 ^ _1845_/SUM (sky130_fd_sc_hd__fa_1)
                                         _0081_ (net)
                  0.06    0.00    5.00 ^ _1381_/A (sky130_fd_sc_hd__inv_1)
     1    0.01    0.04    0.05    5.05 v _1381_/Y (sky130_fd_sc_hd__inv_1)
                                         _0085_ (net)
                  0.04    0.00    5.05 v _1847_/CIN (sky130_fd_sc_hd__fa_1)
     1    0.00    0.06    0.48    5.53 ^ _1847_/SUM (sky130_fd_sc_hd__fa_1)
                                         _0086_ (net)
                  0.06    0.00    5.53 ^ _1561_/A (sky130_fd_sc_hd__inv_1)
     1    0.01    0.04    0.06    5.59 v _1561_/Y (sky130_fd_sc_hd__inv_1)
                                         _0094_ (net)
                  0.04    0.00    5.59 v _1850_/CIN (sky130_fd_sc_hd__fa_1)
     1    0.01    0.11    0.53    6.12 ^ _1850_/SUM (sky130_fd_sc_hd__fa_1)
                                         _0958_ (net)
                  0.11    0.00    6.12 ^ _1855_/CIN (sky130_fd_sc_hd__fa_1)
     1    0.01    0.11    0.46    6.58 v _1855_/SUM (sky130_fd_sc_hd__fa_1)
                                         _0964_ (net)
                  0.11    0.00    6.58 v _1961_/B (sky130_fd_sc_hd__ha_4)
     2    0.01    0.05    0.30    6.88 ^ _1961_/SUM (sky130_fd_sc_hd__ha_4)
                                         _0404_ (net)
                  0.05    0.00    6.88 ^ rebuffer423/A (sky130_fd_sc_hd__buf_6)
     2    0.01    0.03    0.09    6.97 ^ rebuffer423/X (sky130_fd_sc_hd__buf_6)
                                         net422 (net)
                  0.03    0.00    6.97 ^ _1682_/A (sky130_fd_sc_hd__nand4_1)
     1    0.01    0.14    0.12    7.09 v _1682_/Y (sky130_fd_sc_hd__nand4_1)
                                         _0633_ (net)
                  0.14    0.00    7.09 v _1686_/A1 (sky130_fd_sc_hd__o31ai_4)
     3    0.02    0.28    0.35    7.44 ^ _1686_/Y (sky130_fd_sc_hd__o31ai_4)
                                         _0637_ (net)
                  0.28    0.00    7.44 ^ _1691_/A1 (sky130_fd_sc_hd__a211oi_2)
     2    0.01    0.10    0.13    7.58 v _1691_/Y (sky130_fd_sc_hd__a211oi_2)
                                         _0642_ (net)
                  0.10    0.00    7.58 v rebuffer416/A (sky130_fd_sc_hd__buf_4)
     1    0.01    0.03    0.16    7.74 v rebuffer416/X (sky130_fd_sc_hd__buf_4)
                                         net415 (net)
                  0.03    0.00    7.74 v _1692_/B (sky130_fd_sc_hd__xnor2_2)
     1    0.01    0.07    0.13    7.87 v _1692_/Y (sky130_fd_sc_hd__xnor2_2)
                                         _0643_ (net)
                  0.07    0.00    7.87 v _1693_/A1 (sky130_fd_sc_hd__mux2i_1)
     1    0.00    0.15    0.16    8.03 ^ _1693_/Y (sky130_fd_sc_hd__mux2i_1)
                                         _0644_ (net)
                  0.15    0.00    8.03 ^ _1694_/B (sky130_fd_sc_hd__nor2_1)
     1    0.00    0.10    0.07    8.10 v _1694_/Y (sky130_fd_sc_hd__nor2_1)
                                         _0526_ (net)
                  0.10    0.00    8.10 v x3_scaled_s1[8]$_SDFFE_PP0P_/D (sky130_fd_sc_hd__dfxtp_1)
                                  8.10   data arrival time

                          4.50    4.50   clock clk (rise edge)
                          0.00    4.50   clock source latency
     1    0.03    0.00    0.00    4.50 ^ clk (in)
                                         clk (net)
                  0.00    0.00    4.50 ^ clkbuf_0_clk/A (sky130_fd_sc_hd__clkbuf_16)
     4    0.05    0.07    0.14    4.64 ^ clkbuf_0_clk/X (sky130_fd_sc_hd__clkbuf_16)
                                         clknet_0_clk (net)
                  0.07    0.00    4.64 ^ clkbuf_2_3__f_clk/A (sky130_fd_sc_hd__clkbuf_16)
    10    0.05    0.07    0.16    4.80 ^ clkbuf_2_3__f_clk/X (sky130_fd_sc_hd__clkbuf_16)
                                         clknet_2_3__leaf_clk (net)
                  0.07    0.00    4.80 ^ x3_scaled_s1[8]$_SDFFE_PP0P_/CLK (sky130_fd_sc_hd__dfxtp_1)
                          0.00    4.80   clock reconvergence pessimism
                         -0.13    4.67   library setup time
                                  4.67   data required time
-----------------------------------------------------------------------------
                                  4.67   data required time
                                 -8.10   data arrival time
-----------------------------------------------------------------------------
                                 -3.43   slack (VIOLATED)



==========================================================================
global route report_checks -unconstrained
--------------------------------------------------------------------------
Startpoint: x_in[1] (input port clocked by clk)
Endpoint: x3_scaled_s1[8]$_SDFFE_PP0P_
          (rising edge-triggered flip-flop clocked by clk)
Path Group: clk
Path Type: max

Fanout     Cap    Slew   Delay    Time   Description
-----------------------------------------------------------------------------
                          0.00    0.00   clock clk (rise edge)
                          0.00    0.00   clock network delay (propagated)
                          0.50    0.50 v input external delay
     1    0.02    0.00    0.00    0.50 v x_in[1] (in)
                                         x_in[1] (net)
                  0.00    0.00    0.50 v input9/A (sky130_fd_sc_hd__buf_12)
     5    0.02    0.03    0.11    0.61 v input9/X (sky130_fd_sc_hd__buf_12)
                                         net8 (net)
                  0.03    0.00    0.61 v _1472_/B (sky130_fd_sc_hd__and2_4)
     2    0.01    0.04    0.16    0.77 v _1472_/X (sky130_fd_sc_hd__and2_4)
                                         _0011_ (net)
                  0.04    0.00    0.77 v _1823_/A (sky130_fd_sc_hd__fa_1)
     1    0.01    0.08    0.55    1.32 ^ _1823_/SUM (sky130_fd_sc_hd__fa_1)
                                         _0923_ (net)
                  0.08    0.00    1.32 ^ _1826_/CIN (sky130_fd_sc_hd__fa_1)
     1    0.01    0.10    0.44    1.76 v _1826_/SUM (sky130_fd_sc_hd__fa_1)
                                         _0928_ (net)
                  0.10    0.00    1.76 v _1828_/CIN (sky130_fd_sc_hd__fa_1)
     1    0.01    0.10    0.48    2.24 v _1828_/SUM (sky130_fd_sc_hd__fa_1)
                                         _0934_ (net)
                  0.10    0.00    2.24 v _1831_/B (sky130_fd_sc_hd__fa_1)
     1    0.01    0.11    0.57    2.80 ^ _1831_/SUM (sky130_fd_sc_hd__fa_1)
                                         _0937_ (net)
                  0.11    0.00    2.80 ^ _1940_/B (sky130_fd_sc_hd__ha_4)
     2    0.01    0.04    0.21    3.02 v _1940_/SUM (sky130_fd_sc_hd__ha_4)
                                         _0359_ (net)
                  0.04    0.00    3.02 v _1129_/A1 (sky130_fd_sc_hd__o21a_1)
     2    0.01    0.07    0.22    3.24 v _1129_/X (sky130_fd_sc_hd__o21a_1)
                                         _0740_ (net)
                  0.07    0.00    3.24 v _1130_/A1 (sky130_fd_sc_hd__o21ai_2)
     2    0.01    0.14    0.17    3.41 ^ _1130_/Y (sky130_fd_sc_hd__o21ai_2)
                                         _0741_ (net)
                  0.14    0.00    3.41 ^ _1131_/B1 (sky130_fd_sc_hd__a21oi_2)
     2    0.01    0.09    0.06    3.47 v _1131_/Y (sky130_fd_sc_hd__a21oi_2)
                                         _0742_ (net)
                  0.09    0.00    3.47 v _1133_/A3 (sky130_fd_sc_hd__o311a_1)
     2    0.01    0.09    0.34    3.82 v _1133_/X (sky130_fd_sc_hd__o311a_1)
                                         _0744_ (net)
                  0.09    0.00    3.82 v rebuffer424/A (sky130_fd_sc_hd__buf_4)
     1    0.01    0.03    0.16    3.97 v rebuffer424/X (sky130_fd_sc_hd__buf_4)
                                         net423 (net)
                  0.03    0.00    3.97 v _1155_/A (sky130_fd_sc_hd__nor2_4)
     2    0.02    0.13    0.14    4.11 ^ _1155_/Y (sky130_fd_sc_hd__nor2_4)
                                         _0760_ (net)
                  0.13    0.00    4.11 ^ place238/A (sky130_fd_sc_hd__buf_6)
     1    0.01    0.04    0.12    4.23 ^ place238/X (sky130_fd_sc_hd__buf_6)
                                         net237 (net)
                  0.04    0.00    4.23 ^ _1156_/B (sky130_fd_sc_hd__xor2_2)
     2    0.01    0.16    0.17    4.40 ^ _1156_/X (sky130_fd_sc_hd__xor2_2)
                                         _0761_ (net)
                  0.16    0.00    4.40 ^ _1157_/B (sky130_fd_sc_hd__nor2_2)
     1    0.01    0.05    0.06    4.46 v _1157_/Y (sky130_fd_sc_hd__nor2_2)
                                         _0077_ (net)
                  0.05    0.00    4.46 v _1845_/A (sky130_fd_sc_hd__fa_1)
     1    0.00    0.06    0.54    5.00 ^ _1845_/SUM (sky130_fd_sc_hd__fa_1)
                                         _0081_ (net)
                  0.06    0.00    5.00 ^ _1381_/A (sky130_fd_sc_hd__inv_1)
     1    0.01    0.04    0.05    5.05 v _1381_/Y (sky130_fd_sc_hd__inv_1)
                                         _0085_ (net)
                  0.04    0.00    5.05 v _1847_/CIN (sky130_fd_sc_hd__fa_1)
     1    0.00    0.06    0.48    5.53 ^ _1847_/SUM (sky130_fd_sc_hd__fa_1)
                                         _0086_ (net)
                  0.06    0.00    5.53 ^ _1561_/A (sky130_fd_sc_hd__inv_1)
     1    0.01    0.04    0.06    5.59 v _1561_/Y (sky130_fd_sc_hd__inv_1)
                                         _0094_ (net)
                  0.04    0.00    5.59 v _1850_/CIN (sky130_fd_sc_hd__fa_1)
     1    0.01    0.11    0.53    6.12 ^ _1850_/SUM (sky130_fd_sc_hd__fa_1)
                                         _0958_ (net)
                  0.11    0.00    6.12 ^ _1855_/CIN (sky130_fd_sc_hd__fa_1)
     1    0.01    0.11    0.46    6.58 v _1855_/SUM (sky130_fd_sc_hd__fa_1)
                                         _0964_ (net)
                  0.11    0.00    6.58 v _1961_/B (sky130_fd_sc_hd__ha_4)
     2    0.01    0.05    0.30    6.88 ^ _1961_/SUM (sky130_fd_sc_hd__ha_4)
                                         _0404_ (net)
                  0.05    0.00    6.88 ^ rebuffer423/A (sky130_fd_sc_hd__buf_6)
     2    0.01    0.03    0.09    6.97 ^ rebuffer423/X (sky130_fd_sc_hd__buf_6)
                                         net422 (net)
                  0.03    0.00    6.97 ^ _1682_/A (sky130_fd_sc_hd__nand4_1)
     1    0.01    0.14    0.12    7.09 v _1682_/Y (sky130_fd_sc_hd__nand4_1)
                                         _0633_ (net)
                  0.14    0.00    7.09 v _1686_/A1 (sky130_fd_sc_hd__o31ai_4)
     3    0.02    0.28    0.35    7.44 ^ _1686_/Y (sky130_fd_sc_hd__o31ai_4)
                                         _0637_ (net)
                  0.28    0.00    7.44 ^ _1691_/A1 (sky130_fd_sc_hd__a211oi_2)
     2    0.01    0.10    0.13    7.58 v _1691_/Y (sky130_fd_sc_hd__a211oi_2)
                                         _0642_ (net)
                  0.10    0.00    7.58 v rebuffer416/A (sky130_fd_sc_hd__buf_4)
     1    0.01    0.03    0.16    7.74 v rebuffer416/X (sky130_fd_sc_hd__buf_4)
                                         net415 (net)
                  0.03    0.00    7.74 v _1692_/B (sky130_fd_sc_hd__xnor2_2)
     1    0.01    0.07    0.13    7.87 v _1692_/Y (sky130_fd_sc_hd__xnor2_2)
                                         _0643_ (net)
                  0.07    0.00    7.87 v _1693_/A1 (sky130_fd_sc_hd__mux2i_1)
     1    0.00    0.15    0.16    8.03 ^ _1693_/Y (sky130_fd_sc_hd__mux2i_1)
                                         _0644_ (net)
                  0.15    0.00    8.03 ^ _1694_/B (sky130_fd_sc_hd__nor2_1)
     1    0.00    0.10    0.07    8.10 v _1694_/Y (sky130_fd_sc_hd__nor2_1)
                                         _0526_ (net)
                  0.10    0.00    8.10 v x3_scaled_s1[8]$_SDFFE_PP0P_/D (sky130_fd_sc_hd__dfxtp_1)
                                  8.10   data arrival time

                          4.50    4.50   clock clk (rise edge)
                          0.00    4.50   clock source latency
     1    0.03    0.00    0.00    4.50 ^ clk (in)
                                         clk (net)
                  0.00    0.00    4.50 ^ clkbuf_0_clk/A (sky130_fd_sc_hd__clkbuf_16)
     4    0.05    0.07    0.14    4.64 ^ clkbuf_0_clk/X (sky130_fd_sc_hd__clkbuf_16)
                                         clknet_0_clk (net)
                  0.07    0.00    4.64 ^ clkbuf_2_3__f_clk/A (sky130_fd_sc_hd__clkbuf_16)
    10    0.05    0.07    0.16    4.80 ^ clkbuf_2_3__f_clk/X (sky130_fd_sc_hd__clkbuf_16)
                                         clknet_2_3__leaf_clk (net)
                  0.07    0.00    4.80 ^ x3_scaled_s1[8]$_SDFFE_PP0P_/CLK (sky130_fd_sc_hd__dfxtp_1)
                          0.00    4.80   clock reconvergence pessimism
                         -0.13    4.67   library setup time
                                  4.67   data required time
-----------------------------------------------------------------------------
                                  4.67   data required time
                                 -8.10   data arrival time
-----------------------------------------------------------------------------
                                 -3.43   slack (VIOLATED)



==========================================================================
global route report_check_types -max_slew -max_cap -max_fanout -violators
--------------------------------------------------------------------------

==========================================================================
global route max_slew_check_slack
--------------------------------------------------------------------------
0.7631860971450806

==========================================================================
global route max_slew_check_limit
--------------------------------------------------------------------------
1.4979510307312012

==========================================================================
global route max_slew_check_slack_limit
--------------------------------------------------------------------------
0.5095

==========================================================================
global route max_fanout_check_slack
--------------------------------------------------------------------------
1.0000000150474662e+30

==========================================================================
global route max_fanout_check_limit
--------------------------------------------------------------------------
1.0000000150474662e+30

==========================================================================
global route max_capacitance_check_slack
--------------------------------------------------------------------------
0.038735467940568924

==========================================================================
global route max_capacitance_check_limit
--------------------------------------------------------------------------
0.052195001393556595

==========================================================================
global route max_capacitance_check_slack_limit
--------------------------------------------------------------------------
0.7421

==========================================================================
global route max_slew_violation_count
--------------------------------------------------------------------------
max slew violation count 0

==========================================================================
global route max_fanout_violation_count
--------------------------------------------------------------------------
max fanout violation count 0

==========================================================================
global route max_cap_violation_count
--------------------------------------------------------------------------
max cap violation count 0

==========================================================================
global route setup_violation_count
--------------------------------------------------------------------------
setup violation count 22

==========================================================================
global route hold_violation_count
--------------------------------------------------------------------------
hold violation count 0

==========================================================================
global route report_checks -path_delay max reg to reg
--------------------------------------------------------------------------
Startpoint: x3_scaled_s1[0]$_SDFFE_PP0P_
            (rising edge-triggered flip-flop clocked by clk)
Endpoint: exp_out[10]$_SDFFE_PP0P_
          (rising edge-triggered flip-flop clocked by clk)
Path Group: clk
Path Type: max

  Delay    Time   Description
---------------------------------------------------------
   0.00    0.00   clock clk (rise edge)
   0.00    0.00   clock source latency
   0.00    0.00 ^ clk (in)
   0.14    0.14 ^ clkbuf_0_clk/X (sky130_fd_sc_hd__clkbuf_16)
   0.16    0.30 ^ clkbuf_2_3__f_clk/X (sky130_fd_sc_hd__clkbuf_16)
   0.00    0.30 ^ x3_scaled_s1[0]$_SDFFE_PP0P_/CLK (sky130_fd_sc_hd__dfxtp_2)
   0.33    0.63 v x3_scaled_s1[0]$_SDFFE_PP0P_/Q (sky130_fd_sc_hd__dfxtp_2)
   0.07    0.70 ^ _1375_/Y (sky130_fd_sc_hd__inv_2)
   0.15    0.85 ^ _2012_/COUT (sky130_fd_sc_hd__ha_4)
   0.27    1.13 v _1200_/X (sky130_fd_sc_hd__and2b_2)
   0.24    1.36 v _1201_/X (sky130_fd_sc_hd__a21o_1)
   0.27    1.63 ^ _1206_/Y (sky130_fd_sc_hd__o211ai_1)
   0.22    1.85 v _1219_/Y (sky130_fd_sc_hd__a32oi_2)
   0.28    2.13 ^ _1222_/Y (sky130_fd_sc_hd__o21ai_2)
   0.16    2.30 v _1227_/Y (sky130_fd_sc_hd__nand2_4)
   0.33    2.62 ^ _1255_/Y (sky130_fd_sc_hd__o311ai_4)
   0.10    2.72 v _1266_/Y (sky130_fd_sc_hd__a21oi_2)
   0.21    2.93 ^ _1279_/Y (sky130_fd_sc_hd__o21ai_2)
   0.14    3.07 ^ place268/X (sky130_fd_sc_hd__buf_6)
   0.45    3.52 v _1926_/SUM (sky130_fd_sc_hd__fa_2)
   0.18    3.70 v _2031_/COUT (sky130_fd_sc_hd__ha_4)
   0.16    3.86 v _2033_/COUT (sky130_fd_sc_hd__ha_4)
   0.37    4.23 v _1927_/COUT (sky130_fd_sc_hd__fa_2)
   0.15    4.38 ^ _1741_/Y (sky130_fd_sc_hd__a21oi_2)
   0.12    4.50 v _1742_/Y (sky130_fd_sc_hd__o21bai_1)
   0.16    4.66 ^ _1743_/Y (sky130_fd_sc_hd__a21oi_1)
   0.08    4.74 v _1744_/Y (sky130_fd_sc_hd__nor2_1)
   0.15    4.89 ^ _1745_/Y (sky130_fd_sc_hd__nor2_2)
   0.06    4.95 v _1746_/Y (sky130_fd_sc_hd__nor2b_1)
   0.15    5.10 ^ _1747_/Y (sky130_fd_sc_hd__o21ai_1)
   0.11    5.20 v _1749_/Y (sky130_fd_sc_hd__a311oi_1)
   0.00    5.20 v exp_out[10]$_SDFFE_PP0P_/D (sky130_fd_sc_hd__dfxtp_1)
           5.20   data arrival time

   4.50    4.50   clock clk (rise edge)
   0.00    4.50   clock source latency
   0.00    4.50 ^ clk (in)
   0.14    4.64 ^ clkbuf_0_clk/X (sky130_fd_sc_hd__clkbuf_16)
   0.15    4.79 ^ clkbuf_2_2__f_clk/X (sky130_fd_sc_hd__clkbuf_16)
   0.00    4.79 ^ exp_out[10]$_SDFFE_PP0P_/CLK (sky130_fd_sc_hd__dfxtp_1)
   0.00    4.79   clock reconvergence pessimism
  -0.16    4.64   library setup time
           4.64   data required time
---------------------------------------------------------
           4.64   data required time
          -5.20   data arrival time
---------------------------------------------------------
          -0.57   slack (VIOLATED)



==========================================================================
global route report_checks -path_delay min reg to reg
--------------------------------------------------------------------------
Startpoint: stage1_valid$_SDFF_PP0_
            (rising edge-triggered flip-flop clocked by clk)
Endpoint: stage2_valid$_SDFF_PP0_
          (rising edge-triggered flip-flop clocked by clk)
Path Group: clk
Path Type: min

  Delay    Time   Description
---------------------------------------------------------
   0.00    0.00   clock clk (rise edge)
   0.00    0.00   clock source latency
   0.00    0.00 ^ clk (in)
   0.14    0.14 ^ clkbuf_0_clk/X (sky130_fd_sc_hd__clkbuf_16)
   0.15    0.29 ^ clkbuf_2_2__f_clk/X (sky130_fd_sc_hd__clkbuf_16)
   0.00    0.29 ^ stage1_valid$_SDFF_PP0_/CLK (sky130_fd_sc_hd__dfxtp_1)
   0.30    0.59 v stage1_valid$_SDFF_PP0_/Q (sky130_fd_sc_hd__dfxtp_1)
   0.12    0.71 v _1795_/Y (sky130_fd_sc_hd__nor2b_1)
   0.00    0.71 v stage2_valid$_SDFF_PP0_/D (sky130_fd_sc_hd__dfxtp_1)
           0.71   data arrival time

   0.00    0.00   clock clk (rise edge)
   0.00    0.00   clock source latency
   0.00    0.00 ^ clk (in)
   0.14    0.14 ^ clkbuf_0_clk/X (sky130_fd_sc_hd__clkbuf_16)
   0.15    0.29 ^ clkbuf_2_2__f_clk/X (sky130_fd_sc_hd__clkbuf_16)
   0.00    0.29 ^ stage2_valid$_SDFF_PP0_/CLK (sky130_fd_sc_hd__dfxtp_1)
   0.00    0.29   clock reconvergence pessimism
  -0.05    0.24   library hold time
           0.24   data required time
---------------------------------------------------------
           0.24   data required time
          -0.71   data arrival time
---------------------------------------------------------
           0.47   slack (MET)



==========================================================================
global route critical path target clock latency max path
--------------------------------------------------------------------------
0.3010

==========================================================================
global route critical path target clock latency min path
--------------------------------------------------------------------------
0.3044

==========================================================================
global route critical path source clock latency min path
--------------------------------------------------------------------------
0.0000

==========================================================================
global route critical path delay
--------------------------------------------------------------------------
8.0982

==========================================================================
global route critical path slack
--------------------------------------------------------------------------
-3.4270

==========================================================================
global route slack div critical path delay
--------------------------------------------------------------------------
-42.318046

==========================================================================
global route report_power
--------------------------------------------------------------------------
Group                  Internal  Switching    Leakage      Total
                          Power      Power      Power      Power (Watts)
----------------------------------------------------------------
Sequential             4.65e-04   8.50e-05   3.30e-10   5.50e-04   2.2%
Combinational          1.18e-02   1.20e-02   5.35e-09   2.38e-02  96.2%
Clock                  2.03e-04   1.82e-04   6.57e-11   3.85e-04   1.6%
Macro                  0.00e+00   0.00e+00   0.00e+00   0.00e+00   0.0%
Pad                    0.00e+00   0.00e+00   0.00e+00   0.00e+00   0.0%
----------------------------------------------------------------
Total                  1.25e-02   1.23e-02   5.74e-09   2.48e-02 100.0%
                          50.5%      49.5%       0.0%
